// Jest Snapshot v1, https://goo.gl/fbAQLP

exports[`App component should render 1`] = `
<Provider>
  <UNDEFINED
    fallback={
      <div
        id="loading"
      >
        Please wait
      </div>
    }
  >
    <RootComponent />
  </UNDEFINED>
</Provider>
`;
